
> dashbard-app1@0.1.0 build
> next build

Γû▓ Next.js 16.1.7 (Turbopack)

  Creating an optimized production build ...
node.exe : 
At line:1 char:1
+ & "C:\Program Files\nodejs/node.exe" "C:\Users\saboo\AppData\Roaming\ ...
+ ~~~~~~~~~~~~~~~~~~~~~~~~~~~~~~~~~~~~~~~~~~~~~~~~~~~~~~~~~~~~~~~~~~~~~
    + CategoryInfo          : NotSpecified: (:String) [], RemoteException
    + FullyQualifiedErrorId : NativeCommandError
 
> Build error occurred
Error: Turbopack build failed with 9 errors:
./src/services/dashboard-service.js:1:1
Module not found: Can't resolve 'axios'
[0m[31m[1m>[22m[39m[90m 1 |[39m [36mimport[39m axios [36mfrom[39m 
[32m"axios"[39m[33m;[39m
 [90m   |[39m [31m[1m^[22m[39m[31m[1m^[22m[39m[31m[1m^[22m[39m[3
1m[1m^[22m[39m[31m[1m^[22m[39m[31m[1m^[22m[39m[31m[1m^[22m[39m[
31m[1m^[22m[39m[31m[1m^[22m[39m[31m[1m^[22m[39m[31m[1m^[22m[39m
[31m[1m^[22m[39m[31m[1m^[22m[39m[31m[1m^[22m[39m[31m[1m^[22m[39m
[31m[1m^[22m[39m[31m[1m^[22m[39m[31m[1m^[22m[39m[31m[1m^[22m[39
m[31m[1m^[22m[39m[31m[1m^[22m[39m[31m[1m^[22m[39m[31m[1m^[22m[3
9m[31m[1m^[22m[39m[31m[1m^[22m[39m[31m[1m^[22m[39m
 [90m 2 |[39m
 [90m 3 |[39m [36mexport[39m [36masync[39m [36mfunction[39m 
fetchDashboardData(signal) {
 [90m 4 |[39m   [36mtry[39m {[0m



Import traces:
  Client Component Browser:
    ./src/services/dashboard-service.js [Client Component Browser]
    ./src/hooks/use-dashboard-data.js [Client Component Browser]
    ./src/components/dashboard/dashboard.jsx [Client Component Browser]
    ./src/components/dashboard/dashboard.jsx [Server Component]
    ./src/app/page.jsx [Server Component]

  Client Component SSR:
    ./src/services/dashboard-service.js [Client Component SSR]
    ./src/hooks/use-dashboard-data.js [Client Component SSR]
    ./src/components/dashboard/dashboard.jsx [Client Component SSR]
    ./src/components/dashboard/dashboard.jsx [Server Component]
    ./src/app/page.jsx [Server Component]

https://nextjs.org/docs/messages/module-not-found


./src/components/ui/button.jsx:1:1
Module not found: Can't resolve 'class-variance-authority'
[0m[31m[1m>[22m[39m[90m 1 |[39m [36mimport[39m { cva } [36mfrom[39m 
[32m"class-variance-authority"[39m[33m;[39m
 [90m   |[39m [31m[1m^[22m[39m[31m[1m^[22m[39m[31m[1m^[22m[39m[3
1m[1m^[22m[39m[31m[1m^[22m[39m[31m[1m^[22m[39m[31m[1m^[22m[39m[
31m[1m^[22m[39m[31m[1m^[22m[39m[31m[1m^[22m[39m[31m[1m^[22m[39m
[31m[1m^[22m[39m[31m[1m^[22m[39m[31m[1m^[22m[39m[31m[1m^[22m[39m
[31m[1m^[22m[39m[31m[1m^[22m[39m[31m[1m^[22m[39m[31m[1m^[22m[39
m[31m[1m^[22m[39m[31m[1m^[22m[39m[31m[1m^[22m[39m[31m[1m^[22m[3
9m[31m[1m^[22m[39m[31m[1m^[22m[39m[31m[1m^[22m[39m[31m[1m^[22m[
39m[31m[1m^[22m[39m[31m[1m^[22m[39m[31m[1m^[22m[39m[31m[1m^[22m
[39m[31m[1m^[22m[39m[31m[1m^[22m[39m[31m[1m^[22m[39m[31m[1m^[22m
[39m[31m[1m^[22m[39m[31m[1m^[22m[39m[31m[1m^[22m[39m[31m[1m^[22
m[39m[31m[1m^[22m[39m[31m[1m^[22m[39m[31m[1m^[22m[39m[31m[1m^[2
2m[39m[31m[1m^[22m[39m[31m[1m^[22m[39m[31m[1m^[22m[39m[31m[1m^[
22m[39m
 [90m 2 |[39m [36mimport[39m { cn } [36mfrom[39m 
[32m"@/lib/utils"[39m[33m;[39m
 [90m 3 |[39m
 [90m 4 |[39m [36mconst[39m buttonVariants [33m=[39m cva([0m



Import traces:
  Client Component Browser:
    ./src/components/ui/button.jsx [Client Component Browser]
    ./src/components/dashboard/table.jsx [Client Component Browser]
    ./src/components/dashboard/dashboard.jsx [Client Component Browser]
    ./src/components/dashboard/dashboard.jsx [Server Component]
    ./src/app/page.jsx [Server Component]

  Client Component SSR:
    ./src/components/ui/button.jsx [Client Component SSR]
    ./src/components/dashboard/table.jsx [Client Component SSR]
    ./src/components/dashboard/dashboard.jsx [Client Component SSR]
    ./src/components/dashboard/dashboard.jsx [Server Component]
    ./src/app/page.jsx [Server Component]

https://nextjs.org/docs/messages/module-not-found


./src/lib/utils.js:1:1
Module not found: Can't resolve 'clsx'
[0m[31m[1m>[22m[39m[90m 1 |[39m [36mimport[39m { clsx } 
[36mfrom[39m [32m"clsx"[39m[33m;[39m
 [90m   |[39m [31m[1m^[22m[39m[31m[1m^[22m[39m[31m[1m^[22m[39m[3
1m[1m^[22m[39m[31m[1m^[22m[39m[31m[1m^[22m[39m[31m[1m^[22m[39m[
31m[1m^[22m[39m[31m[1m^[22m[39m[31m[1m^[22m[39m[31m[1m^[22m[39m
[31m[1m^[22m[39m[31m[1m^[22m[39m[31m[1m^[22m[39m[31m[1m^[22m[39m
[31m[1m^[22m[39m[31m[1m^[22m[39m[31m[1m^[22m[39m[31m[1m^[22m[39
m[31m[1m^[22m[39m[31m[1m^[22m[39m[31m[1m^[22m[39m[31m[1m^[22m[3
9m[31m[1m^[22m[39m[31m[1m^[22m[39m[31m[1m^[22m[39m[31m[1m^[22m[
39m[31m[1m^[22m[39m
 [90m 2 |[39m [36mimport[39m { twMerge } [36mfrom[39m 
[32m"tailwind-merge"[39m[33m;[39m
 [90m 3 |[39m
 [90m 4 |[39m [36mexport[39m [36mfunction[39m cn([33m...[39minputs) 
{[0m



Import traces:
  Client Component Browser:
    ./src/lib/utils.js [Client Component Browser]
    ./src/components/ui/card.jsx [Client Component Browser]
    ./src/components/dashboard/dashboard.jsx [Client Component Browser]
    ./src/components/dashboard/dashboard.jsx [Server Component]
    ./src/app/page.jsx [Server Component]

  Client Component SSR:
    ./src/lib/utils.js [Client Component SSR]
    ./src/components/ui/card.jsx [Client Component SSR]
    ./src/components/dashboard/dashboard.jsx [Client Component SSR]
    ./src/components/dashboard/dashboard.jsx [Server Component]
    ./src/app/page.jsx [Server Component]

https://nextjs.org/docs/messages/module-not-found


./src/components/dashboard/error-state.jsx:1:1
Module not found: Can't resolve 'lucide-react'
[0m[31m[1m>[22m[39m[90m 1 |[39m [36mimport[39m { 
[33mAlertTriangle[39m } [36mfrom[39m [32m"lucide-react"[39m[33m;[39m
 [90m   |[39m [31m[1m^[22m[39m[31m[1m^[22m[39m[31m[1m^[22m[39m[3
1m[1m^[22m[39m[31m[1m^[22m[39m[31m[1m^[22m[39m[31m[1m^[22m[39m[
31m[1m^[22m[39m[31m[1m^[22m[39m[31m[1m^[22m[39m[31m[1m^[22m[39m
[31m[1m^[22m[39m[31m[1m^[22m[39m[31m[1m^[22m[39m[31m[1m^[22m[39m
[31m[1m^[22m[39m[31m[1m^[22m[39m[31m[1m^[22m[39m[31m[1m^[22m[39
m[31m[1m^[22m[39m[31m[1m^[22m[39m[31m[1m^[22m[39m[31m[1m^[22m[3
9m[31m[1m^[22m[39m[31m[1m^[22m[39m[31m[1m^[22m[39m[31m[1m^[22m[
39m[31m[1m^[22m[39m[31m[1m^[22m[39m[31m[1m^[22m[39m[31m[1m^[22m
[39m[31m[1m^[22m[39m[31m[1m^[22m[39m[31m[1m^[22m[39m[31m[1m^[22m
[39m[31m[1m^[22m[39m[31m[1m^[22m[39m[31m[1m^[22m[39m[31m[1m^[22
m[39m[31m[1m^[22m[39m[31m[1m^[22m[39m[31m[1m^[22m[39m[31m[1m^[2
2m[39m[31m[1m^[22m[39m[31m[1m^[22m[39m
 [90m 2 |[39m [36mimport[39m { [33mButton[39m } [36mfrom[39m 
[32m"@/components/ui/button"[39m[33m;[39m
 [90m 3 |[39m [36mimport[39m { [33mCard[39m[33m,[39m 
[33mCardContent[39m[33m,[39m [33mCardHeader[39m[33m,[39m 
[33mCardTitle[39m } [36mfrom[39m 
[32m"@/components/ui/card"[39m[33m;[39m
 [90m 4 |[39m[0m



Import traces:
  Client Component Browser:
    ./src/components/dashboard/error-state.jsx [Client Component Browser]
    ./src/components/dashboard/dashboard.jsx [Client Component Browser]
    ./src/components/dashboard/dashboard.jsx [Server Component]
    ./src/app/page.jsx [Server Component]

  Client Component SSR:
    ./src/components/dashboard/error-state.jsx [Client Component SSR]
    ./src/components/dashboard/dashboard.jsx [Client Component SSR]
    ./src/components/dashboard/dashboard.jsx [Server Component]
    ./src/app/page.jsx [Server Component]

https://nextjs.org/docs/messages/module-not-found


./src/components/dashboard/table.jsx:5:1
Module not found: Can't resolve 'lucide-react'
[0m [90m 3 |[39m [36mimport[39m { memo } [36mfrom[39m 
[32m"react"[39m[33m;[39m
 [90m 4 |[39m [36mimport[39m { [33mList[39m } [36mfrom[39m 
[32m"react-window"[39m[33m;[39m
[31m[1m>[22m[39m[90m 5 |[39m [36mimport[39m { 
[33mChevronLeft[39m[33m,[39m [33mChevronRight[39m } [36mfrom[39m 
[32m"lucide-react"[39m[33m;[39m
 [90m   |[39m [31m[1m^[22m[39m[31m[1m^[22m[39m[31m[1m^[22m[39m[3
1m[1m^[22m[39m[31m[1m^[22m[39m[31m[1m^[22m[39m[31m[1m^[22m[39m[
31m[1m^[22m[39m[31m[1m^[22m[39m[31m[1m^[22m[39m[31m[1m^[22m[39m
[31m[1m^[22m[39m[31m[1m^[22m[39m[31m[1m^[22m[39m[31m[1m^[22m[39m
[31m[1m^[22m[39m[31m[1m^[22m[39m[31m[1m^[22m[39m[31m[1m^[22m[39
m[31m[1m^[22m[39m[31m[1m^[22m[39m[31m[1m^[22m[39m[31m[1m^[22m[3
9m[31m[1m^[22m[39m[31m[1m^[22m[39m[31m[1m^[22m[39m[31m[1m^[22m[
39m[31m[1m^[22m[39m[31m[1m^[22m[39m[31m[1m^[22m[39m[31m[1m^[22m
[39m[31m[1m^[22m[39m[31m[1m^[22m[39m[31m[1m^[22m[39m[31m[1m^[22m
[39m[31m[1m^[22m[39m[31m[1m^[22m[39m[31m[1m^[22m[39m[31m[1m^[22
m[39m[31m[1m^[22m[39m[31m[1m^[22m[39m[31m[1m^[22m[39m[31m[1m^[2
2m[39m[31m[1m^[22m[39m[31m[1m^[22m[39m[31m[1m^[22m[39m[31m[1m^[
22m[39m[31m[1m^[22m[39m[31m[1m^[22m[39m[31m[1m^[22m[39m[31m[1m^
[22m[39m[31m[1m^[22m[39m[31m[1m^[22m[39m[31m[1m^[22m[39m[31m[1m^
[22m[39m[31m[1m^[22m[39m[31m[1m^[22m[39m
 [90m 6 |[39m [36mimport[39m { [33mButton[39m } [36mfrom[39m 
[32m"@/components/ui/button"[39m[33m;[39m
 [90m 7 |[39m [36mimport[39m { [33mCard[39m[33m,[39m 
[33mCardContent[39m[33m,[39m [33mCardHeader[39m[33m,[39m 
[33mCardTitle[39m } [36mfrom[39m 
[32m"@/components/ui/card"[39m[33m;[39m
 [90m 8 |[39m[0m



Import traces:
  Client Component Browser:
    ./src/components/dashboard/table.jsx [Client Component Browser]
    ./src/components/dashboard/dashboard.jsx [Client Component Browser]
    ./src/components/dashboard/dashboard.jsx [Server Component]
    ./src/app/page.jsx [Server Component]

  Client Component SSR:
    ./src/components/dashboard/table.jsx [Client Component SSR]
    ./src/components/dashboard/dashboard.jsx [Client Component SSR]
    ./src/components/dashboard/dashboard.jsx [Server Component]
    ./src/app/page.jsx [Server Component]

https://nextjs.org/docs/messages/module-not-found


./src/components/dashboard/table.jsx:4:1
Module not found: Can't resolve 'react-window'
[0m [90m 2 |[39m
 [90m 3 |[39m [36mimport[39m { memo } [36mfrom[39m 
[32m"react"[39m[33m;[39m
[31m[1m>[22m[39m[90m 4 |[39m [36mimport[39m { [33mList[39m } 
[36mfrom[39m [32m"react-window"[39m[33m;[39m
 [90m   |[39m [31m[1m^[22m[39m[31m[1m^[22m[39m[31m[1m^[22m[39m[3
1m[1m^[22m[39m[31m[1m^[22m[39m[31m[1m^[22m[39m[31m[1m^[22m[39m[
31m[1m^[22m[39m[31m[1m^[22m[39m[31m[1m^[22m[39m[31m[1m^[22m[39m
[31m[1m^[22m[39m[31m[1m^[22m[39m[31m[1m^[22m[39m[31m[1m^[22m[39m
[31m[1m^[22m[39m[31m[1m^[22m[39m[31m[1m^[22m[39m[31m[1m^[22m[39
m[31m[1m^[22m[39m[31m[1m^[22m[39m[31m[1m^[22m[39m[31m[1m^[22m[3
9m[31m[1m^[22m[39m[31m[1m^[22m[39m[31m[1m^[22m[39m[31m[1m^[22m[
39m[31m[1m^[22m[39m[31m[1m^[22m[39m[31m[1m^[22m[39m[31m[1m^[22m
[39m[31m[1m^[22m[39m[31m[1m^[22m[39m[31m[1m^[22m[39m[31m[1m^[22m
[39m[31m[1m^[22m[39m
 [90m 5 |[39m [36mimport[39m { [33mChevronLeft[39m[33m,[39m 
[33mChevronRight[39m } [36mfrom[39m [32m"lucide-react"[39m[33m;[39m
 [90m 6 |[39m [36mimport[39m { [33mButton[39m } [36mfrom[39m 
[32m"@/components/ui/button"[39m[33m;[39m
 [90m 7 |[39m [36mimport[39m { [33mCard[39m[33m,[39m 
[33mCardContent[39m[33m,[39m [33mCardHeader[39m[33m,[39m 
[33mCardTitle[39m } [36mfrom[39m 
[32m"@/components/ui/card"[39m[33m;[39m[0m



Import traces:
  Client Component Browser:
    ./src/components/dashboard/table.jsx [Client Component Browser]
    ./src/components/dashboard/dashboard.jsx [Client Component Browser]
    ./src/components/dashboard/dashboard.jsx [Server Component]
    ./src/app/page.jsx [Server Component]

  Client Component SSR:
    ./src/components/dashboard/table.jsx [Client Component SSR]
    ./src/components/dashboard/dashboard.jsx [Client Component SSR]
    ./src/components/dashboard/dashboard.jsx [Server Component]
    ./src/app/page.jsx [Server Component]

https://nextjs.org/docs/messages/module-not-found


./src/components/dashboard/region-bar-chart.jsx:4:1
Module not found: Can't resolve 'recharts'
[0m [90m  2 |[39m
 [90m  3 |[39m [36mimport[39m { memo } [36mfrom[39m 
[32m"react"[39m[33m;[39m
[31m[1m>[22m[39m[90m  4 |[39m [36mimport[39m {
 [90m    |[39m [31m[1m^[22m[39m[31m[1m^[22m[39m[31m[1m^[22m[39m[
31m[1m^[22m[39m[31m[1m^[22m[39m[31m[1m^[22m[39m[31m[1m^[22m[39m
[31m[1m^[22m[39m
[31m[1m>[22m[39m[90m  5 |[39m   [33mBar[39m[33m,[39m
 [90m    |[39m [31m[1m^[22m[39m[31m[1m^[22m[39m[31m[1m^[22m[39m[
31m[1m^[22m[39m[31m[1m^[22m[39m[31m[1m^[22m[39m
[31m[1m>[22m[39m[90m  6 |[39m   [33mBarChart[39m[33m,[39m
 [90m    |[39m [31m[1m^[22m[39m[31m[1m^[22m[39m[31m[1m^[22m[39m[
31m[1m^[22m[39m[31m[1m^[22m[39m[31m[1m^[22m[39m
[31m[1m>[22m[39m[90m  7 |[39m   [33mCartesianGrid[39m[33m,[39m
 [90m    |[39m [31m[1m^[22m[39m[31m[1m^[22m[39m[31m[1m^[22m[39m[
31m[1m^[22m[39m[31m[1m^[22m[39m[31m[1m^[22m[39m
[31m[1m>[22m[39m[90m  8 |[39m   [33mLegend[39m[33m,[39m
 [90m    |[39m [31m[1m^[22m[39m[31m[1m^[22m[39m[31m[1m^[22m[39m[
31m[1m^[22m[39m[31m[1m^[22m[39m[31m[1m^[22m[39m
[31m[1m>[22m[39m[90m  9 |[39m   [33mResponsiveContainer[39m[33m,[39m
 [90m    |[39m [31m[1m^[22m[39m[31m[1m^[22m[39m[31m[1m^[22m[39m[
31m[1m^[22m[39m[31m[1m^[22m[39m[31m[1m^[22m[39m
[31m[1m>[22m[39m[90m 10 |[39m   [33mTooltip[39m[33m,[39m
 [90m    |[39m [31m[1m^[22m[39m[31m[1m^[22m[39m[31m[1m^[22m[39m[
31m[1m^[22m[39m[31m[1m^[22m[39m[31m[1m^[22m[39m
[31m[1m>[22m[39m[90m 11 |[39m   [33mXAxis[39m[33m,[39m
 [90m    |[39m [31m[1m^[22m[39m[31m[1m^[22m[39m[31m[1m^[22m[39m[
31m[1m^[22m[39m[31m[1m^[22m[39m[31m[1m^[22m[39m
[31m[1m>[22m[39m[90m 12 |[39m   [33mYAxis[39m[33m,[39m
 [90m    |[39m [31m[1m^[22m[39m[31m[1m^[22m[39m[31m[1m^[22m[39m[
31m[1m^[22m[39m[31m[1m^[22m[39m[31m[1m^[22m[39m
[31m[1m>[22m[39m[90m 13 |[39m } [36mfrom[39m 
[32m"recharts"[39m[33m;[39m
 [90m    |[39m [31m[1m^[22m[39m[31m[1m^[22m[39m[31m[1m^[22m[39m[
31m[1m^[22m[39m[31m[1m^[22m[39m[31m[1m^[22m[39m[31m[1m^[22m[39m
[31m[1m^[22m[39m[31m[1m^[22m[39m[31m[1m^[22m[39m[31m[1m^[22m[39m
[31m[1m^[22m[39m[31m[1m^[22m[39m[31m[1m^[22m[39m[31m[1m^[22m[39
m[31m[1m^[22m[39m[31m[1m^[22m[39m[31m[1m^[22m[39m[31m[1m^[22m[3
9m
 [90m 14 |[39m [36mimport[39m { [33mCard[39m[33m,[39m 
[33mCardContent[39m[33m,[39m [33mCardHeader[39m[33m,[39m 
[33mCardTitle[39m } [36mfrom[39m 
[32m"@/components/ui/card"[39m[33m;[39m
 [90m 15 |[39m
 [90m 16 |[39m [36mconst[39m [33mRegionBarChart[39m [33m=[39m 
memo([36mfunction[39m [33mRegionBarChart[39m({ data }) {[0m



Import traces:
  Client Component Browser:
    ./src/components/dashboard/region-bar-chart.jsx [Client Component Browser]
    ./src/components/dashboard/dashboard.jsx [Client Component Browser]
    ./src/components/dashboard/dashboard.jsx [Server Component]
    ./src/app/page.jsx [Server Component]

  Client Component SSR:
    ./src/components/dashboard/region-bar-chart.jsx [Client Component SSR]
    ./src/components/dashboard/dashboard.jsx [Client Component SSR]
    ./src/components/dashboard/dashboard.jsx [Server Component]
    ./src/app/page.jsx [Server Component]

https://nextjs.org/docs/messages/module-not-found


./src/components/dashboard/revenue-line-chart.jsx:4:1
Module not found: Can't resolve 'recharts'
[0m [90m  2 |[39m
 [90m  3 |[39m [36mimport[39m { memo } [36mfrom[39m 
[32m"react"[39m[33m;[39m
[31m[1m>[22m[39m[90m  4 |[39m [36mimport[39m {
 [90m    |[39m [31m[1m^[22m[39m[31m[1m^[22m[39m[31m[1m^[22m[39m[
31m[1m^[22m[39m[31m[1m^[22m[39m[31m[1m^[22m[39m[31m[1m^[22m[39m
[31m[1m^[22m[39m
[31m[1m>[22m[39m[90m  5 |[39m   [33mCartesianGrid[39m[33m,[39m
 [90m    |[39m [31m[1m^[22m[39m[31m[1m^[22m[39m[31m[1m^[22m[39m[
31m[1m^[22m[39m[31m[1m^[22m[39m[31m[1m^[22m[39m[31m[1m^[22m[39m
[31m[1m^[22m[39m[31m[1m^[22m[39m[31m[1m^[22m[39m[31m[1m^[22m[39m
[31m[1m^[22m[39m[31m[1m^[22m[39m[31m[1m^[22m[39m[31m[1m^[22m[39
m[31m[1m^[22m[39m
[31m[1m>[22m[39m[90m  6 |[39m   [33mLegend[39m[33m,[39m
 [90m    |[39m [31m[1m^[22m[39m[31m[1m^[22m[39m[31m[1m^[22m[39m[
31m[1m^[22m[39m[31m[1m^[22m[39m[31m[1m^[22m[39m[31m[1m^[22m[39m
[31m[1m^[22m[39m[31m[1m^[22m[39m[31m[1m^[22m[39m[31m[1m^[22m[39m
[31m[1m^[22m[39m[31m[1m^[22m[39m[31m[1m^[22m[39m[31m[1m^[22m[39
m[31m[1m^[22m[39m
[31m[1m>[22m[39m[90m  7 |[39m   [33mLine[39m[33m,[39m
 [90m    |[39m [31m[1m^[22m[39m[31m[1m^[22m[39m[31m[1m^[22m[39m[
31m[1m^[22m[39m[31m[1m^[22m[39m[31m[1m^[22m[39m[31m[1m^[22m[39m
[31m[1m^[22m[39m[31m[1m^[22m[39m[31m[1m^[22m[39m[31m[1m^[22m[39m
[31m[1m^[22m[39m[31m[1m^[22m[39m[31m[1m^[22m[39m[31m[1m^[22m[39
m[31m[1m^[22m[39m
[31m[1m>[22m[39m[90m  8 |[39m   [33mLineChart[39m[33m,[39m
 [90m    |[39m [31m[1m^[22m[39m[31m[1m^[22m[39m[31m[1m^[22m[39m[
31m[1m^[22m[39m[31m[1m^[22m[39m[31m[1m^[22m[39m[31m[1m^[22m[39m
[31m[1m^[22m[39m[31m[1m^[22m[39m[31m[1m^[22m[39m[31m[1m^[22m[39m
[31m[1m^[22m[39m[31m[1m^[22m[39m[31m[1m^[22m[39m[31m[1m^[22m[39
m[31m[1m^[22m[39m
[31m[1m>[22m[39m[90m  9 |[39m   [33mResponsiveContainer[39m[33m,[39m
 [90m    |[39m [31m[1m^[22m[39m[31m[1m^[22m[39m[31m[1m^[22m[39m[
31m[1m^[22m[39m[31m[1m^[22m[39m[31m[1m^[22m[39m[31m[1m^[22m[39m
[31m[1m^[22m[39m[31m[1m^[22m[39m[31m[1m^[22m[39m[31m[1m^[22m[39m
[31m[1m^[22m[39m[31m[1m^[22m[39m[31m[1m^[22m[39m[31m[1m^[22m[39
m[31m[1m^[22m[39m
[31m[1m>[22m[39m[90m 10 |[39m   [33mTooltip[39m[33m,[39m
 [90m    |[39m [31m[1m^[22m[39m[31m[1m^[22m[39m[31m[1m^[22m[39m[
31m[1m^[22m[39m[31m[1m^[22m[39m[31m[1m^[22m[39m[31m[1m^[22m[39m
[31m[1m^[22m[39m[31m[1m^[22m[39m[31m[1m^[22m[39m[31m[1m^[22m[39m
[31m[1m^[22m[39m[31m[1m^[22m[39m[31m[1m^[22m[39m[31m[1m^[22m[39
m[31m[1m^[22m[39m
[31m[1m>[22m[39m[90m 11 |[39m   [33mXAxis[39m[33m,[39m
 [90m    |[39m [31m[1m^[22m[39m[31m[1m^[22m[39m[31m[1m^[22m[39m[
31m[1m^[22m[39m[31m[1m^[22m[39m[31m[1m^[22m[39m[31m[1m^[22m[39m
[31m[1m^[22m[39m[31m[1m^[22m[39m[31m[1m^[22m[39m[31m[1m^[22m[39m
[31m[1m^[22m[39m[31m[1m^[22m[39m[31m[1m^[22m[39m[31m[1m^[22m[39
m[31m[1m^[22m[39m
[31m[1m>[22m[39m[90m 12 |[39m   [33mYAxis[39m[33m,[39m
 [90m    |[39m [31m[1m^[22m[39m[31m[1m^[22m[39m[31m[1m^[22m[39m[
31m[1m^[22m[39m[31m[1m^[22m[39m[31m[1m^[22m[39m[31m[1m^[22m[39m
[31m[1m^[22m[39m[31m[1m^[22m[39m[31m[1m^[22m[39m[31m[1m^[22m[39m
[31m[1m^[22m[39m[31m[1m^[22m[39m[31m[1m^[22m[39m[31m[1m^[22m[39
m[31m[1m^[22m[39m
[31m[1m>[22m[39m[90m 13 |[39m } [36mfrom[39m 
[32m"recharts"[39m[33m;[39m
 [90m    |[39m [31m[1m^[22m[39m[31m[1m^[22m[39m[31m[1m^[22m[39m[
31m[1m^[22m[39m[31m[1m^[22m[39m[31m[1m^[22m[39m[31m[1m^[22m[39m
[31m[1m^[22m[39m[31m[1m^[22m[39m[31m[1m^[22m[39m[31m[1m^[22m[39m
[31m[1m^[22m[39m[31m[1m^[22m[39m[31m[1m^[22m[39m[31m[1m^[22m[39
m[31m[1m^[22m[39m[31m[1m^[22m[39m[31m[1m^[22m[39m[31m[1m^[22m[3
9m
 [90m 14 |[39m [36mimport[39m { [33mCard[39m[33m,[39m 
[33mCardContent[39m[33m,[39m [33mCardHeader[39m[33m,[39m 
[33mCardTitle[39m } [36mfrom[39m 
[32m"@/components/ui/card"[39m[33m;[39m
 [90m 15 |[39m
 [90m 16 |[39m [36mconst[39m [33mRevenueLineChart[39m [33m=[39m 
memo([36mfunction[39m [33mRevenueLineChart[39m({ data }) {[0m



Import traces:
  Client Component Browser:
    ./src/components/dashboard/revenue-line-chart.jsx [Client Component 
Browser]
    ./src/components/dashboard/dashboard.jsx [Client Component Browser]
    ./src/components/dashboard/dashboard.jsx [Server Component]
    ./src/app/page.jsx [Server Component]

  Client Component SSR:
    ./src/components/dashboard/revenue-line-chart.jsx [Client Component SSR]
    ./src/components/dashboard/dashboard.jsx [Client Component SSR]
    ./src/components/dashboard/dashboard.jsx [Server Component]
    ./src/app/page.jsx [Server Component]

https://nextjs.org/docs/messages/module-not-found


./src/lib/utils.js:2:1
Module not found: Can't resolve 'tailwind-merge'
[0m [90m 1 |[39m [36mimport[39m { clsx } [36mfrom[39m 
[32m"clsx"[39m[33m;[39m
[31m[1m>[22m[39m[90m 2 |[39m [36mimport[39m { twMerge } [36mfrom[39m 
[32m"tailwind-merge"[39m[33m;[39m
 [90m   |[39m [31m[1m^[22m[39m[31m[1m^[22m[39m[31m[1m^[22m[39m[3
1m[1m^[22m[39m[31m[1m^[22m[39m[31m[1m^[22m[39m[31m[1m^[22m[39m[
31m[1m^[22m[39m[31m[1m^[22m[39m[31m[1m^[22m[39m[31m[1m^[22m[39m
[31m[1m^[22m[39m[31m[1m^[22m[39m[31m[1m^[22m[39m[31m[1m^[22m[39m
[31m[1m^[22m[39m[31m[1m^[22m[39m[31m[1m^[22m[39m[31m[1m^[22m[39
m[31m[1m^[22m[39m[31m[1m^[22m[39m[31m[1m^[22m[39m[31m[1m^[22m[3
9m[31m[1m^[22m[39m[31m[1m^[22m[39m[31m[1m^[22m[39m[31m[1m^[22m[
39m[31m[1m^[22m[39m[31m[1m^[22m[39m[31m[1m^[22m[39m[31m[1m^[22m
[39m[31m[1m^[22m[39m[31m[1m^[22m[39m[31m[1m^[22m[39m[31m[1m^[22m
[39m[31m[1m^[22m[39m[31m[1m^[22m[39m[31m[1m^[22m[39m[31m[1m^[22
m[39m[31m[1m^[22m[39m[31m[1m^[22m[39m
 [90m 3 |[39m
 [90m 4 |[39m [36mexport[39m [36mfunction[39m cn([33m...[39minputs) {
 [90m 5 |[39m   [36mreturn[39m twMerge(clsx(inputs))[33m;[39m[0m



Import traces:
  Client Component Browser:
    ./src/lib/utils.js [Client Component Browser]
    ./src/components/ui/card.jsx [Client Component Browser]
    ./src/components/dashboard/dashboard.jsx [Client Component Browser]
    ./src/components/dashboard/dashboard.jsx [Server Component]
    ./src/app/page.jsx [Server Component]

  Client Component SSR:
    ./src/lib/utils.js [Client Component SSR]
    ./src/components/ui/card.jsx [Client Component SSR]
    ./src/components/dashboard/dashboard.jsx [Client Component SSR]
    ./src/components/dashboard/dashboard.jsx [Server Component]
    ./src/app/page.jsx [Server Component]

https://nextjs.org/docs/messages/module-not-found


    at <unknown> (./src/services/dashboard-service.js:1:1)
    at <unknown> (https://nextjs.org/docs/messages/module-not-found)
    at <unknown> (./src/components/ui/button.jsx:1:1)
    at <unknown> (https://nextjs.org/docs/messages/module-not-found)
    at <unknown> (./src/lib/utils.js:1:1)
    at <unknown> (https://nextjs.org/docs/messages/module-not-found)
    at <unknown> (./src/components/dashboard/error-state.jsx:1:1)
    at <unknown> (https://nextjs.org/docs/messages/module-not-found)
    at <unknown> (./src/components/dashboard/table.jsx:5:1)
    at <unknown> (https://nextjs.org/docs/messages/module-not-found)
    at <unknown> (./src/components/dashboard/table.jsx:4:1)
    at <unknown> (https://nextjs.org/docs/messages/module-not-found)
    at <unknown> (./src/components/dashboard/region-bar-chart.jsx:4:1)
    at <unknown> (https://nextjs.org/docs/messages/module-not-found)
    at <unknown> (./src/components/dashboard/revenue-line-chart.jsx:4:1)
    at <unknown> (https://nextjs.org/docs/messages/module-not-found)
    at <unknown> (./src/lib/utils.js:2:1)
    at <unknown> (https://nextjs.org/docs/messages/module-not-found)
